// Jest Snapshot v1, https://goo.gl/fbAQLP

exports[`<FacetsBar /> renders without crashing 1`] = `
<div
  className="facets-bar"
  style={
    Object {
      "backgroundColor": "#eceeee",
      "borderBottom": "1px solid #d2d2d2",
      "borderTop": "1px solid #d2d2d2",
      "boxShadow": "inset 0 6px 2px -2px #e5e5e5",
      "boxSizing": "border-box",
      "height": "3.2em",
      "marginLeft": "-10em",
      "minWidth": "890px",
    }
  }
>
  <span
    style={
      Object {
        "borderRight": "1px solid #d2d2d2",
        "display": "inline-block",
        "height": "1.5em",
        "marginLeft": "0.5em",
        "marginRight": "0.5em",
      }
    }
  />
  <div
    className="dropdown more-filters"
    style={Object {}}
  >
    Select Property Type
    <span
      className="dropdown more-filters"
    >
      ▼
    </span>
    <ul
      className="drop-nav display"
      onClick={[Function]}
      style={
        Object {
          "display": "none",
        }
      }
    >
      <li
        className="heading"
      >
        Improved Sales
      </li>
      <li
        className="item"
      >
        Agricultural
      </li>
      <li
        className="item"
      >
        Commercial/Industrial
      </li>
      <li
        className="item"
      >
        Condo
      </li>
      <li
        className="item"
      >
        Duplex/Triplex
      </li>
      <li
        className="item"
      >
        Exempt
      </li>
      <li
        className="item"
      >
        Manufactured Home
      </li>
      <li
        className="item"
      >
        Multi Family 4 TO 8
      </li>
      <li
        className="item"
      >
        Multi Family 9 AND UP
      </li>
      <li
        className="item"
      >
        Single Family
      </li>
      <li
        className="item"
      >
        Townhouse
      </li>
      <li
        className="heading"
      >
        Vacant Sales
      </li>
      <li
        className="item"
      >
        Agricultural Vacant
      </li>
      <li
        className="item"
      >
        Commercial/Industrial Vacant
      </li>
      <li
        className="item"
      >
        Exempt Vacant
      </li>
      <li
        className="item"
      >
        Residential Vacant
      </li>
    </ul>
  </div>
  <span
    style={
      Object {
        "borderRight": "1px solid #d2d2d2",
        "display": "inline-block",
        "height": "1.5em",
        "marginLeft": "0.5em",
        "marginRight": "0.5em",
      }
    }
  />
  <div
    onClick={[Function]}
    style={
      Object {
        "cursor": "pointer",
        "display": "inline-block",
        "fontSize": "0.8em",
        "fontWeight": "bold",
        "marginTop": "1.35em",
        "position": "absolute",
      }
    }
  >
    More Filters
    <span
      style={
        Object {
          "float": "right",
          "fontSize": "0.8em",
          "marginLeft": "1em",
          "marginTop": "0.1em",
        }
      }
    >
      ▼
    </span>
    <noscript />
  </div>
</div>
`;
